// Jest Snapshot v1, https://goo.gl/fbAQLP

exports[`App renders correctly 1`] = `
<div
  className="App"
>
  <header
    className="App-header"
  >
    <BrowserRouter>
      <Link
        className="App-link"
        to="/recipes"
      >
        Recipes
      </Link>
      <Route
        path="/recipes"
      >
        <Recipe />
      </Route>
    </BrowserRouter>
  </header>
</div>
`;
